
> vite_react_shadcn_ts@0.0.0 build
> vite build

[36mvite v7.3.1 [32mbuilding client environment for production...[36m[39m
transforming...
[32mÔ£ô[39m 3 modules transformed.
node.exe : [31mÔ£ù[39m Build failed in 
1.41s
No linha:1 caractere:1
+ & "D:\Arquivos de 
Programa\NodeJS/node.exe" "D:\Arquivos de 
Programa\ ...
+ ~~~~~~~~~~~~~~~~~~~~~~~~~~~~~~~~~~~~~~~~~
~~~~~~~~~~~~~~~~~~~~~~~~~~~~
    + CategoryInfo          : 
NotSpecified: ([    31mÔ£ù[39m Build 
failed in 1.41s:String) [    ], 
RemoteException
    + FullyQualifiedErrorId : 
NativeCommandErro    r
 
[31merror during build:
[31m[vite:esbuild] Transform failed with 
2 errors:
D:/Projetos/Controle-CMCB-XI-main/src/App.t
sx:110:16: ERROR: The character "}" is not 
valid inside a JSX element
D:/Projetos/Controle-CMCB-XI-main/src/App.t
sx:111:15: ERROR: The character ">" is not 
valid inside a JSX element[31m
file: [36mD:/Projetos/Controle-CMCB-XI-mai
n/src/App.tsx:110:16[31m
[33m
[33mThe character "}" is not valid inside 
a JSX element[33m
108 |                  }
109 |                />
110 |                  }
    |                  ^
111 |                />
112 |                <Route path="*" 
element={<NotFound />} />

[33mThe character ">" is not valid inside 
a JSX element[33m
109 |                />
110 |                  }
111 |                />
    |                 ^
112 |                <Route path="*" 
element={<NotFound />} />
113 |              </Routes>
[31m
    at failureErrorWithLog (D:\Projetos\Con
trole-CMCB-XI-main\node_modules\esbuild\lib
\main.js:1467:15)
    at D:\Projetos\Controle-CMCB-XI-main\no
de_modules\esbuild\lib\main.js:736:50
    at responseCallbacks.<computed> (D:\Pro
jetos\Controle-CMCB-XI-main\node_modules\es
build\lib\main.js:603:9)
    at handleIncomingPacket (D:\Projetos\Co
ntrole-CMCB-XI-main\node_modules\esbuild\li
b\main.js:658:12)
    at Socket.readFromStdout (D:\Projetos\C
ontrole-CMCB-XI-main\node_modules\esbuild\l
ib\main.js:581:7)
    at Socket.emit (node:events:508:28)
    at addChunk 
(node:internal/streams/readable:559:12)
    at readableAddChunkPushByteMode 
(node:internal/streams/readable:510:3)
    at Readable.push 
(node:internal/streams/readable:390:5)
    at Pipe.onStreamRead (node:internal/str
eam_base_commons:189:23)[39m
