
 RUN  v3.2.4 D:/Projetos/Controle-CMCB-XI-main

 ÔØ» src/test/use-associacao-actions.test.tsx (7 tests | 1 failed) 64ms
   Ô£ô useAssociacaoActions hook > should handle successful mensalidade submission (cash + pix) 23ms
   Ô£ô useAssociacaoActions hook > should fail mensalidade if turno is missing 5ms
   Ô£ô useAssociacaoActions hook > should handle successful gasto submission 7ms
   Ô£ô useAssociacaoActions hook > should block transfer from Conta Digital to Especie (Phase 4 rule) 3ms
   Ô£ô useAssociacaoActions hook > should handle successful transfer with fee 3ms
   ├ù useAssociacaoActions hook > should block transfer if insufficient balance 15ms
     ÔåÆ expected "spy" to be called with arguments: [ StringContaining{ÔÇª} ][90m

Received: 

[1m  1st spy call:

[22m[2m  [[22m
[32m-   StringContaining "Saldo insuficiente",[90m
[31m+   "M├¡nimo de 3 caracteres",[90m
[2m  ][22m
[39m[90m

Number of calls: [1m1[22m
[39m
   Ô£ô useAssociacaoActions hook > should handle manual adjustment (positive) 5ms
node.exe : 
No linha:1 caractere:1
+ & "D:\Arquivos de Programa\NodeJS/node.exe" 
"D:\Arquivos de Programa\ ...
+ ~~~~~~~~~~~~~~~~~~~~~~~~~~~~~~~~~~~~~~~~~~~~~~~~~~~~~~~~
~~~~~~~~~~~~~
    + CategoryInfo          : NotSpecified: (:String) [], 
    RemoteException
    + FullyQualifiedErrorId : NativeCommandError
 
ÔÄ»ÔÄ»ÔÄ»ÔÄ»ÔÄ»ÔÄ»ÔÄ» Failed Tests 1 ÔÄ»ÔÄ»ÔÄ»ÔÄ»ÔÄ»ÔÄ»ÔÄ»

 FAIL  src/test/use-associacao-actions.test.tsx > 
useAssociacaoActions hook > should block transfer if 
insufficient balance
AssertionError: expected "spy" to be called with 
arguments: [ StringContaining{ÔÇª} ][90m

Received: 

[1m  1st spy call:

[22m[2m  [[22m
[32m-   StringContaining "Saldo insuficiente",[90m
[31m+   "M├¡nimo de 3 caracteres",[90m
[2m  ][22m
[39m[90m

Number of calls: [1m1[22m
[39m
 ÔØ» src/test/use-associacao-actions.test.tsx:164:29

    162| 
    163|         expect(success).toBe(false);
    164|         expect(toast.error).toHaveBeenCalledWith(
expect.stringContainiÔÇª
       |                             ^
    165|     });
    166| 
 Test Files  1 failed (1)
      Tests  1 failed | 6 passed (7)
   Start at  14:04:50
   Duration  5.60s (transform 144ms, setup 412ms, collect 806ms, tests 64ms, environment 2.10s, prepare 1.29s)


ÔÄ»ÔÄ»ÔÄ»ÔÄ»ÔÄ»ÔÄ»ÔÄ»ÔÄ»ÔÄ»ÔÄ»ÔÄ»ÔÄ»ÔÄ»ÔÄ»ÔÄ»ÔÄ»ÔÄ»ÔÄ»ÔÄ»Ô
Ä»ÔÄ»ÔÄ»ÔÄ»ÔÄ»[1/1]ÔÄ»

